  main.c
C:\Users\Josia\Desktop\SandHydra\core\main.c(1,9): warning C4005: '_WINSOCK_DEPRECATED_NO_WARNINGS': macro redefinition
      C:\Users\Josia\Desktop\SandHydra\core\main.c(1,9):
      '_WINSOCK_DEPRECATED_NO_WARNINGS' previously declared on the command line
  
C:\Users\Josia\Desktop\SandHydra\core\main.c(31,15): warning C4013: 'load_vhosts' undefined; assuming extern returning int
C:\Users\Josia\Desktop\SandHydra\core\main.c(31,13): warning C4047: '=': 'vhost_context_t *' differs in levels of indirection from 'int'
C:\Users\Josia\Desktop\SandHydra\core\main.c(97,34): warning C4133: 'function': incompatible types - from 'server_config_t *' to 'server_config_t *'
C:\Users\Josia\Desktop\SandHydra\core\main.c(97,40): warning C4133: 'function': incompatible types - from 'vhost_context_t *' to 'vhost_context_t *'
C:\Users\Josia\Desktop\SandHydra\core\main.c(70,21): warning C4244: 'initializing': conversion from 'SOCKET' to 'int', possible loss of data
C:\Users\Josia\Desktop\SandHydra\core\main.c(94,25): warning C4244: 'initializing': conversion from 'SOCKET' to 'int', possible loss of data
  python_exec.c
C:\Users\Josia\Desktop\SandHydra\core\python_exec.c(23,9): warning C4013: 'send' undefined; assuming extern returning int
C:\Users\Josia\Desktop\SandHydra\core\python_exec.c(64,14): warning C4473: 'snprintf' : not enough arguments passed for format string
      C:\Users\Josia\Desktop\SandHydra\core\python_exec.c(64,14):
      placeholders and their parameters expect 2 variadic arguments, but 1 were provided
      C:\Users\Josia\Desktop\SandHydra\core\python_exec.c(64,14):
      the missing variadic argument 2 is required by format string '%s'
  
  request_handler.c
C:\Users\Josia\Desktop\SandHydra\core\request_handler.c(125,29): warning C4018: '>=': signed/unsigned mismatch
  Generating Code...
  SandHydra.vcxproj -> C:\Users\Josia\Desktop\SandHydra\x64\Debug\SandHydra.exe
