c:\users\josia\desktop\sandhydra\sandhydra\x64\debug\vc143.pdb
c:\users\josia\desktop\sandhydra\sandhydra\x64\debug\vc143.idb
c:\users\josia\desktop\sandhydra\sandhydra\x64\debug\vhost_parser.obj
c:\users\josia\desktop\sandhydra\sandhydra\x64\debug\static_serve.obj
c:\users\josia\desktop\sandhydra\sandhydra\x64\debug\request_handler.obj
c:\users\josia\desktop\sandhydra\sandhydra\x64\debug\python_exec.obj
c:\users\josia\desktop\sandhydra\sandhydra\x64\debug\main.obj
c:\users\josia\desktop\sandhydra\sandhydra\x64\debug\config_parser.obj
c:\users\josia\desktop\sandhydra\sandhydra\x64\debug\config.obj
c:\users\josia\desktop\sandhydra\x64\debug\sandhydra.pdb
c:\users\josia\desktop\sandhydra\sandhydra\x64\debug\sandhydra.tlog\cl.command.1.tlog
c:\users\josia\desktop\sandhydra\sandhydra\x64\debug\sandhydra.tlog\cl.read.1.tlog
c:\users\josia\desktop\sandhydra\sandhydra\x64\debug\sandhydra.tlog\cl.write.1.tlog
c:\users\josia\desktop\sandhydra\sandhydra\x64\debug\sandhydra.tlog\link-cvtres.read.1.tlog
c:\users\josia\desktop\sandhydra\sandhydra\x64\debug\sandhydra.tlog\link-cvtres.write.1.tlog
c:\users\josia\desktop\sandhydra\sandhydra\x64\debug\sandhydra.tlog\link-rc.read.1.tlog
c:\users\josia\desktop\sandhydra\sandhydra\x64\debug\sandhydra.tlog\link-rc.write.1.tlog
c:\users\josia\desktop\sandhydra\sandhydra\x64\debug\sandhydra.tlog\link.command.1.tlog
c:\users\josia\desktop\sandhydra\sandhydra\x64\debug\sandhydra.tlog\link.read.1.tlog
c:\users\josia\desktop\sandhydra\sandhydra\x64\debug\sandhydra.tlog\link.read.2.tlog
c:\users\josia\desktop\sandhydra\sandhydra\x64\debug\sandhydra.tlog\link.write.1.tlog
